=== original guest clock ===
** WARNING: connection is not using a post-quantum key exchange algorithm.
** This session may be vulnerable to "store now, decrypt later" attacks.
** The server may need to be upgraded. See https://openssh.com/pq.html
2026-10-01T11:26:34.7093119-04:00
Eastern Standard Time
=== controlled guest clock ===
** WARNING: connection is not using a post-quantum key exchange algorithm.
** This session may be vulnerable to "store now, decrypt later" attacks.
** The server may need to be upgraded. See https://openssh.com/pq.html
2032-03-31T12:00:00.0261030-04:00
Eastern Standard Time
=== restore host clock ===
** WARNING: connection is not using a post-quantum key exchange algorithm.
** This session may be vulnerable to "store now, decrypt later" attacks.
** The server may need to be upgraded. See https://openssh.com/pq.html
2026-10-01T11:27:56.3802743-04:00
Eastern Standard Time
=== restore play-paths fixture ===
** WARNING: connection is not using a post-quantum key exchange algorithm.
** This session may be vulnerable to "store now, decrypt later" attacks.
** The server may need to be upgraded. See https://openssh.com/pq.html
Guest staging directory is ready.
** WARNING: connection is not using a post-quantum key exchange algorithm.
** This session may be vulnerable to "store now, decrypt later" attacks.
** The server may need to be upgraded. See https://openssh.com/pq.html
** WARNING: connection is not using a post-quantum key exchange algorithm.
** This session may be vulnerable to "store now, decrypt later" attacks.
** The server may need to be upgraded. See https://openssh.com/pq.html
** WARNING: connection is not using a post-quantum key exchange algorithm.
** This session may be vulnerable to "store now, decrypt later" attacks.
** The server may need to be upgraded. See https://openssh.com/pq.html
** WARNING: connection is not using a post-quantum key exchange algorithm.
** This session may be vulnerable to "store now, decrypt later" attacks.
** The server may need to be upgraded. See https://openssh.com/pq.html
Rekordbox is stopped.
Research@172.31.96.96 is ready
** WARNING: connection is not using a post-quantum key exchange algorithm.
** This session may be vulnerable to "store now, decrypt later" attacks.
** The server may need to be upgraded. See https://openssh.com/pq.html
{
  "fixture_version": 1,
  "profile": "play-paths",
  "database_sha256": "8f197208a18a301980b039f3b688306b558a0f7667da75096ea6c082cd7591b6",
  "fixture_fingerprint": "c24aff6c06466a647d09e60f8cf5c872f6db8ae5d482a72cb31ef1d270db6f1a",
  "integrity": "ok",
  "track_count": 14,
  "ids": {
    "artist.alpha": 1001,
    "artist.beta": 1002,
    "artist.remixer": 1003,
    "artist.original": 1004,
    "album.one": 2001,
    "album.two": 2002,
    "album.three": 2003,
    "genre.house": 3001,
    "genre.techno": 3002,
    "label.one": 4001,
    "label.two": 4002,
    "key.am": 5001,
    "key.c": 5002,
    "playlist.cue_analysis": 200000,
    "playlist.folder": 6001,
    "playlist.primary": 6002,
    "playlist.empty": 6003,
    "history.one": 7001,
    "hotcue.folder": 8001,
    "hotcue.bank": 8002,
    "mytag.group.genre": 8501,
    "mytag.warmup": 8502,
    "mytag.group.components": 8503,
    "mytag.vocal": 8504,
    "mytag.empty": 8505,
    "mytag.default.group.genre": 1,
    "mytag.default.group.components": 2,
    "mytag.default.group.situation": 3,
    "mytag.default.group.untitled": 4,
    "mytag.default.sub_bass": 79324672,
    "mytag.default.percussion": 154495003,
    "mytag.default.dark": 158455786,
    "mytag.default.nu_disco": 463364308,
    "mytag.default.acid_house": 539841621,
    "mytag.default.build_up": 832445659,
    "mytag.default.my_comment": 857457019,
    "mytag.default.second_floor": 917243188,
    "mytag.default.deep_house": 999625328,
    "mytag.default.peak_time": 1156949736,
    "mytag.default.trap": 1308912924,
    "mytag.default.vocal": 1387538896,
    "mytag.default.lounge": 1493684869,
    "mytag.default.techno": 1628431659,
    "mytag.default.electro_house": 1971960657,
    "mytag.default.synth": 2005851049,
    "mytag.default.morning": 2045957214,
    "mytag.default.upper": 2169337181,
    "mytag.default.build_down": 2320977753,
    "mytag.default.beat": 2487691792,
    "mytag.default.bass_music": 2502627224,
    "mytag.default.main_floor": 2538315910,
    "mytag.default.mid_night": 3354707172,
    "mytag.default.piano": 3596715289,
    "track.first": 10001,
    "track.second": 10002,
    "track.third": 10003,
    "track.fourth": 10004,
    "track.fifth": 10005,
    "track.sixth": 10006,
    "track.seventh": 10007,
    "track.eighth": 10008,
    "track.ninth": 10009,
    "track.tenth": 10010,
    "track.eleventh": 10011,
    "track.twelfth": 10012,
    "track.thirteenth": 10013,
    "track.fourteenth": 10014,
    "track.deleted": 10999
  }
}
Fixture installed. Start rekordbox manually after reviewing the manifest above.
** WARNING: connection is not using a post-quantum key exchange algorithm.
** This session may be vulnerable to "store now, decrypt later" attacks.
** The server may need to be upgraded. See https://openssh.com/pq.html
Activated fixture /home/evan/workspace/rx3-research/rekordbox-link-export-research/conformance/fixtures/generated/play-paths (8f197208a18a301980b039f3b688306b558a0f7667da75096ea6c082cd7591b6)
